Pocket 1 :
	Score : 	0.977
	Druggability Score : 	0.959
	Number of Alpha Spheres : 	106
	Total SASA : 	8.888
	Polar SASA : 	6.473
	Apolar SASA : 	2.415
	Volume : 	590.402
	Mean local hydrophobic density : 	38.950
	Mean alpha sphere radius :	3.904
	Mean alp. sph. solvent access : 	0.457
	Apolar alpha sphere proportion : 	0.377
	Hydrophobicity score:	21.630
	Volume score: 	 4.000
	Polarity score:	 14
	Charge score :	 0
	Proportion of polar atoms: 	43.636
	Alpha sphere density : 	5.607
	Cent. of mass - Alpha Sphere max dist: 	14.180
	Flexibility : 	0.089

Pocket 2 :
	Score : 	0.127
	Druggability Score : 	0.006
	Number of Alpha Spheres : 	18
	Total SASA : 	13.148
	Polar SASA : 	1.071
	Apolar SASA : 	12.076
	Volume : 	78.453
	Mean local hydrophobic density : 	17.000
	Mean alpha sphere radius :	3.543
	Mean alp. sph. solvent access : 	0.402
	Apolar alpha sphere proportion : 	1.000
	Hydrophobicity score:	68.875
	Volume score: 	 5.250
	Polarity score:	 3
	Charge score :	 2
	Proportion of polar atoms: 	7.143
	Alpha sphere density : 	1.532
	Cent. of mass - Alpha Sphere max dist: 	3.109
	Flexibility : 	0.273

Pocket 3 :
	Score : 	0.120
	Druggability Score : 	0.001
	Number of Alpha Spheres : 	37
	Total SASA : 	72.975
	Polar SASA : 	34.331
	Apolar SASA : 	38.644
	Volume : 	245.352
	Mean local hydrophobic density : 	7.000
	Mean alpha sphere radius :	3.703
	Mean alp. sph. solvent access : 	0.441
	Apolar alpha sphere proportion : 	0.216
	Hydrophobicity score:	21.300
	Volume score: 	 5.000
	Polarity score:	 7
	Charge score :	 0
	Proportion of polar atoms: 	50.000
	Alpha sphere density : 	3.103
	Cent. of mass - Alpha Sphere max dist: 	8.153
	Flexibility : 	0.149

Pocket 4 :
	Score : 	0.109
	Druggability Score : 	0.001
	Number of Alpha Spheres : 	22
	Total SASA : 	68.866
	Polar SASA : 	30.222
	Apolar SASA : 	38.644
	Volume : 	348.112
	Mean local hydrophobic density : 	5.000
	Mean alpha sphere radius :	4.052
	Mean alp. sph. solvent access : 	0.605
	Apolar alpha sphere proportion : 	0.273
	Hydrophobicity score:	8.846
	Volume score: 	 4.231
	Polarity score:	 8
	Charge score :	 0
	Proportion of polar atoms: 	57.692
	Alpha sphere density : 	3.539
	Cent. of mass - Alpha Sphere max dist: 	9.040
	Flexibility : 	0.444

Pocket 5 :
	Score : 	0.099
	Druggability Score : 	0.000
	Number of Alpha Spheres : 	22
	Total SASA : 	49.935
	Polar SASA : 	36.651
	Apolar SASA : 	13.284
	Volume : 	191.749
	Mean local hydrophobic density : 	0.000
	Mean alpha sphere radius :	3.800
	Mean alp. sph. solvent access : 	0.414
	Apolar alpha sphere proportion : 	0.045
	Hydrophobicity score:	53.556
	Volume score: 	 4.667
	Polarity score:	 3
	Charge score :	 1
	Proportion of polar atoms: 	66.667
	Alpha sphere density : 	2.630
	Cent. of mass - Alpha Sphere max dist: 	5.374
	Flexibility : 	0.199

Pocket 6 :
	Score : 	0.082
	Druggability Score : 	0.001
	Number of Alpha Spheres : 	17
	Total SASA : 	33.550
	Polar SASA : 	21.473
	Apolar SASA : 	12.076
	Volume : 	113.865
	Mean local hydrophobic density : 	4.000
	Mean alpha sphere radius :	3.603
	Mean alp. sph. solvent access : 	0.400
	Apolar alpha sphere proportion : 	0.294
	Hydrophobicity score:	42.364
	Volume score: 	 4.091
	Polarity score:	 4
	Charge score :	 0
	Proportion of polar atoms: 	43.750
	Alpha sphere density : 	1.980
	Cent. of mass - Alpha Sphere max dist: 	3.596
	Flexibility : 	0.000

Pocket 7 :
	Score : 	0.080
	Druggability Score : 	0.000
	Number of Alpha Spheres : 	15
	Total SASA : 	24.543
	Polar SASA : 	6.429
	Apolar SASA : 	18.114
	Volume : 	111.778
	Mean local hydrophobic density : 	1.000
	Mean alpha sphere radius :	3.630
	Mean alp. sph. solvent access : 	0.358
	Apolar alpha sphere proportion : 	0.133
	Hydrophobicity score:	19.900
	Volume score: 	 4.200
	Polarity score:	 6
	Charge score :	 0
	Proportion of polar atoms: 	42.857
	Alpha sphere density : 	1.666
	Cent. of mass - Alpha Sphere max dist: 	3.746
	Flexibility : 	0.029

Pocket 8 :
	Score : 	0.043
	Druggability Score : 	0.009
	Number of Alpha Spheres : 	22
	Total SASA : 	81.162
	Polar SASA : 	10.803
	Apolar SASA : 	70.359
	Volume : 	254.082
	Mean local hydrophobic density : 	15.000
	Mean alpha sphere radius :	3.719
	Mean alp. sph. solvent access : 	0.435
	Apolar alpha sphere proportion : 	0.727
	Hydrophobicity score:	61.300
	Volume score: 	 5.200
	Polarity score:	 3
	Charge score :	 0
	Proportion of polar atoms: 	26.316
	Alpha sphere density : 	3.360
	Cent. of mass - Alpha Sphere max dist: 	6.916
	Flexibility : 	0.282

Pocket 9 :
	Score : 	0.040
	Druggability Score : 	0.001
	Number of Alpha Spheres : 	16
	Total SASA : 	74.931
	Polar SASA : 	39.910
	Apolar SASA : 	35.021
	Volume : 	265.169
	Mean local hydrophobic density : 	6.000
	Mean alpha sphere radius :	3.866
	Mean alp. sph. solvent access : 	0.612
	Apolar alpha sphere proportion : 	0.438
	Hydrophobicity score:	9.700
	Volume score: 	 3.500
	Polarity score:	 5
	Charge score :	 0
	Proportion of polar atoms: 	42.105
	Alpha sphere density : 	3.366
	Cent. of mass - Alpha Sphere max dist: 	6.920
	Flexibility : 	0.332

Pocket 10 :
	Score : 	0.033
	Druggability Score : 	0.000
	Number of Alpha Spheres : 	16
	Total SASA : 	59.946
	Polar SASA : 	41.831
	Apolar SASA : 	18.114
	Volume : 	184.388
	Mean local hydrophobic density : 	0.000
	Mean alpha sphere radius :	3.746
	Mean alp. sph. solvent access : 	0.505
	Apolar alpha sphere proportion : 	0.062
	Hydrophobicity score:	-5.143
	Volume score: 	 4.000
	Polarity score:	 6
	Charge score :	 1
	Proportion of polar atoms: 	60.000
	Alpha sphere density : 	2.650
	Cent. of mass - Alpha Sphere max dist: 	6.451
	Flexibility : 	0.408

Pocket 11 :
	Score : 	0.028
	Druggability Score : 	0.004
	Number of Alpha Spheres : 	33
	Total SASA : 	107.153
	Polar SASA : 	31.072
	Apolar SASA : 	76.081
	Volume : 	425.611
	Mean local hydrophobic density : 	14.750
	Mean alpha sphere radius :	4.088
	Mean alp. sph. solvent access : 	0.593
	Apolar alpha sphere proportion : 	0.485
	Hydrophobicity score:	15.727
	Volume score: 	 4.182
	Polarity score:	 6
	Charge score :	 0
	Proportion of polar atoms: 	40.000
	Alpha sphere density : 	3.609
	Cent. of mass - Alpha Sphere max dist: 	10.761
	Flexibility : 	0.370

Pocket 12 :
	Score : 	0.023
	Druggability Score : 	0.000
	Number of Alpha Spheres : 	25
	Total SASA : 	95.745
	Polar SASA : 	55.893
	Apolar SASA : 	39.852
	Volume : 	417.352
	Mean local hydrophobic density : 	1.000
	Mean alpha sphere radius :	4.066
	Mean alp. sph. solvent access : 	0.569
	Apolar alpha sphere proportion : 	0.080
	Hydrophobicity score:	3.200
	Volume score: 	 4.200
	Polarity score:	 7
	Charge score :	 2
	Proportion of polar atoms: 	50.000
	Alpha sphere density : 	3.596
	Cent. of mass - Alpha Sphere max dist: 	9.100
	Flexibility : 	0.243

Pocket 13 :
	Score : 	0.014
	Druggability Score : 	0.006
	Number of Alpha Spheres : 	25
	Total SASA : 	93.954
	Polar SASA : 	32.365
	Apolar SASA : 	61.589
	Volume : 	369.771
	Mean local hydrophobic density : 	11.000
	Mean alpha sphere radius :	4.069
	Mean alp. sph. solvent access : 	0.617
	Apolar alpha sphere proportion : 	0.480
	Hydrophobicity score:	19.000
	Volume score: 	 4.091
	Polarity score:	 7
	Charge score :	 2
	Proportion of polar atoms: 	41.667
	Alpha sphere density : 	3.378
	Cent. of mass - Alpha Sphere max dist: 	9.735
	Flexibility : 	0.248

Pocket 14 :
	Score : 	0.006
	Druggability Score : 	0.009
	Number of Alpha Spheres : 	29
	Total SASA : 	113.512
	Polar SASA : 	38.639
	Apolar SASA : 	74.873
	Volume : 	419.488
	Mean local hydrophobic density : 	15.000
	Mean alpha sphere radius :	4.236
	Mean alp. sph. solvent access : 	0.683
	Apolar alpha sphere proportion : 	0.552
	Hydrophobicity score:	21.364
	Volume score: 	 4.000
	Polarity score:	 7
	Charge score :	 2
	Proportion of polar atoms: 	37.037
	Alpha sphere density : 	4.007
	Cent. of mass - Alpha Sphere max dist: 	10.728
	Flexibility : 	0.262

Pocket 15 :
	Score : 	0.005
	Druggability Score : 	0.526
	Number of Alpha Spheres : 	38
	Total SASA : 	113.179
	Polar SASA : 	12.946
	Apolar SASA : 	100.233
	Volume : 	359.526
	Mean local hydrophobic density : 	35.838
	Mean alpha sphere radius :	3.829
	Mean alp. sph. solvent access : 	0.472
	Apolar alpha sphere proportion : 	0.974
	Hydrophobicity score:	67.091
	Volume score: 	 5.727
	Polarity score:	 5
	Charge score :	 0
	Proportion of polar atoms: 	16.667
	Alpha sphere density : 	3.420
	Cent. of mass - Alpha Sphere max dist: 	7.998
	Flexibility : 	0.314

Pocket 16 :
	Score : 	-0.011
	Druggability Score : 	0.000
	Number of Alpha Spheres : 	17
	Total SASA : 	78.643
	Polar SASA : 	50.868
	Apolar SASA : 	27.775
	Volume : 	268.902
	Mean local hydrophobic density : 	0.000
	Mean alpha sphere radius :	3.747
	Mean alp. sph. solvent access : 	0.563
	Apolar alpha sphere proportion : 	0.059
	Hydrophobicity score:	-8.143
	Volume score: 	 4.143
	Polarity score:	 5
	Charge score :	 3
	Proportion of polar atoms: 	50.000
	Alpha sphere density : 	2.899
	Cent. of mass - Alpha Sphere max dist: 	7.698
	Flexibility : 	0.135

Pocket 17 :
	Score : 	-0.021
	Druggability Score : 	0.000
	Number of Alpha Spheres : 	17
	Total SASA : 	55.726
	Polar SASA : 	37.612
	Apolar SASA : 	18.114
	Volume : 	171.872
	Mean local hydrophobic density : 	10.000
	Mean alpha sphere radius :	3.984
	Mean alp. sph. solvent access : 	0.501
	Apolar alpha sphere proportion : 	0.647
	Hydrophobicity score:	59.333
	Volume score: 	 4.667
	Polarity score:	 1
	Charge score :	 1
	Proportion of polar atoms: 	50.000
	Alpha sphere density : 	1.832
	Cent. of mass - Alpha Sphere max dist: 	3.476
	Flexibility : 	0.257

Pocket 18 :
	Score : 	-0.072
	Druggability Score : 	0.000
	Number of Alpha Spheres : 	16
	Total SASA : 	61.067
	Polar SASA : 	15.177
	Apolar SASA : 	45.890
	Volume : 	164.296
	Mean local hydrophobic density : 	5.000
	Mean alpha sphere radius :	3.903
	Mean alp. sph. solvent access : 	0.516
	Apolar alpha sphere proportion : 	0.375
	Hydrophobicity score:	9.143
	Volume score: 	 4.714
	Polarity score:	 5
	Charge score :	 1
	Proportion of polar atoms: 	30.769
	Alpha sphere density : 	1.575
	Cent. of mass - Alpha Sphere max dist: 	3.520
	Flexibility : 	0.419

Pocket 19 :
	Score : 	-0.086
	Druggability Score : 	0.000
	Number of Alpha Spheres : 	21
	Total SASA : 	91.415
	Polar SASA : 	51.563
	Apolar SASA : 	39.852
	Volume : 	208.742
	Mean local hydrophobic density : 	2.000
	Mean alpha sphere radius :	3.840
	Mean alp. sph. solvent access : 	0.453
	Apolar alpha sphere proportion : 	0.143
	Hydrophobicity score:	29.125
	Volume score: 	 5.250
	Polarity score:	 4
	Charge score :	 1
	Proportion of polar atoms: 	53.333
	Alpha sphere density : 	2.483
	Cent. of mass - Alpha Sphere max dist: 	6.556
	Flexibility : 	0.240

Pocket 20 :
	Score : 	-0.094
	Druggability Score : 	0.000
	Number of Alpha Spheres : 	21
	Total SASA : 	94.090
	Polar SASA : 	32.343
	Apolar SASA : 	61.747
	Volume : 	269.433
	Mean local hydrophobic density : 	0.000
	Mean alpha sphere radius :	4.009
	Mean alp. sph. solvent access : 	0.541
	Apolar alpha sphere proportion : 	0.048
	Hydrophobicity score:	33.300
	Volume score: 	 4.600
	Polarity score:	 6
	Charge score :	 2
	Proportion of polar atoms: 	45.000
	Alpha sphere density : 	2.500
	Cent. of mass - Alpha Sphere max dist: 	5.626
	Flexibility : 	0.352

