Pocket 1 :
	Score : 	1.047
	Druggability Score : 	0.881
	Number of Alpha Spheres : 	146
	Total SASA : 	101.749
	Polar SASA : 	40.892
	Apolar SASA : 	60.856
	Volume : 	1290.774
	Mean local hydrophobic density : 	36.592
	Mean alpha sphere radius :	3.976
	Mean alp. sph. solvent access : 	0.450
	Apolar alpha sphere proportion : 	0.486
	Hydrophobicity score:	40.364
	Volume score: 	 4.061
	Polarity score:	 12
	Charge score :	 0
	Proportion of polar atoms: 	32.051
	Alpha sphere density : 	7.829
	Cent. of mass - Alpha Sphere max dist: 	20.728
	Flexibility : 	0.117

Pocket 2 :
	Score : 	0.194
	Druggability Score : 	0.230
	Number of Alpha Spheres : 	41
	Total SASA : 	42.978
	Polar SASA : 	13.995
	Apolar SASA : 	28.983
	Volume : 	363.320
	Mean local hydrophobic density : 	37.000
	Mean alpha sphere radius :	4.037
	Mean alp. sph. solvent access : 	0.492
	Apolar alpha sphere proportion : 	0.927
	Hydrophobicity score:	63.143
	Volume score: 	 5.571
	Polarity score:	 4
	Charge score :	 -1
	Proportion of polar atoms: 	15.385
	Alpha sphere density : 	2.907
	Cent. of mass - Alpha Sphere max dist: 	10.109
	Flexibility : 	0.052

Pocket 3 :
	Score : 	0.140
	Druggability Score : 	0.022
	Number of Alpha Spheres : 	40
	Total SASA : 	87.489
	Polar SASA : 	34.353
	Apolar SASA : 	53.136
	Volume : 	352.164
	Mean local hydrophobic density : 	18.696
	Mean alpha sphere radius :	3.799
	Mean alp. sph. solvent access : 	0.427
	Apolar alpha sphere proportion : 	0.575
	Hydrophobicity score:	17.727
	Volume score: 	 4.909
	Polarity score:	 7
	Charge score :	 2
	Proportion of polar atoms: 	27.586
	Alpha sphere density : 	4.238
	Cent. of mass - Alpha Sphere max dist: 	9.552
	Flexibility : 	0.093

Pocket 4 :
	Score : 	0.129
	Druggability Score : 	0.006
	Number of Alpha Spheres : 	38
	Total SASA : 	59.981
	Polar SASA : 	22.545
	Apolar SASA : 	37.436
	Volume : 	171.496
	Mean local hydrophobic density : 	12.429
	Mean alpha sphere radius :	3.730
	Mean alp. sph. solvent access : 	0.425
	Apolar alpha sphere proportion : 	0.368
	Hydrophobicity score:	36.900
	Volume score: 	 4.100
	Polarity score:	 6
	Charge score :	 -1
	Proportion of polar atoms: 	45.833
	Alpha sphere density : 	3.124
	Cent. of mass - Alpha Sphere max dist: 	8.163
	Flexibility : 	0.141

Pocket 5 :
	Score : 	0.091
	Druggability Score : 	0.001
	Number of Alpha Spheres : 	32
	Total SASA : 	48.019
	Polar SASA : 	21.451
	Apolar SASA : 	26.568
	Volume : 	163.923
	Mean local hydrophobic density : 	9.000
	Mean alpha sphere radius :	3.664
	Mean alp. sph. solvent access : 	0.407
	Apolar alpha sphere proportion : 	0.312
	Hydrophobicity score:	21.923
	Volume score: 	 4.154
	Polarity score:	 6
	Charge score :	 -1
	Proportion of polar atoms: 	40.909
	Alpha sphere density : 	2.373
	Cent. of mass - Alpha Sphere max dist: 	4.645
	Flexibility : 	0.022

Pocket 6 :
	Score : 	0.083
	Druggability Score : 	0.006
	Number of Alpha Spheres : 	15
	Total SASA : 	83.107
	Polar SASA : 	21.518
	Apolar SASA : 	61.589
	Volume : 	356.033
	Mean local hydrophobic density : 	9.818
	Mean alpha sphere radius :	3.779
	Mean alp. sph. solvent access : 	0.594
	Apolar alpha sphere proportion : 	0.733
	Hydrophobicity score:	1.286
	Volume score: 	 3.857
	Polarity score:	 6
	Charge score :	 -1
	Proportion of polar atoms: 	41.176
	Alpha sphere density : 	4.416
	Cent. of mass - Alpha Sphere max dist: 	10.491
	Flexibility : 	0.166

Pocket 7 :
	Score : 	0.007
	Druggability Score : 	0.715
	Number of Alpha Spheres : 	74
	Total SASA : 	150.783
	Polar SASA : 	42.097
	Apolar SASA : 	108.687
	Volume : 	493.995
	Mean local hydrophobic density : 	50.906
	Mean alpha sphere radius :	4.003
	Mean alp. sph. solvent access : 	0.489
	Apolar alpha sphere proportion : 	0.716
	Hydrophobicity score:	22.615
	Volume score: 	 5.769
	Polarity score:	 10
	Charge score :	 5
	Proportion of polar atoms: 	35.897
	Alpha sphere density : 	4.199
	Cent. of mass - Alpha Sphere max dist: 	9.909
	Flexibility : 	0.114

Pocket 8 :
	Score : 	0.003
	Druggability Score : 	0.001
	Number of Alpha Spheres : 	30
	Total SASA : 	123.575
	Polar SASA : 	37.833
	Apolar SASA : 	85.742
	Volume : 	504.284
	Mean local hydrophobic density : 	12.143
	Mean alpha sphere radius :	4.007
	Mean alp. sph. solvent access : 	0.566
	Apolar alpha sphere proportion : 	0.467
	Hydrophobicity score:	19.067
	Volume score: 	 5.133
	Polarity score:	 9
	Charge score :	 3
	Proportion of polar atoms: 	46.667
	Alpha sphere density : 	4.579
	Cent. of mass - Alpha Sphere max dist: 	8.793
	Flexibility : 	0.112

Pocket 9 :
	Score : 	-0.021
	Druggability Score : 	0.006
	Number of Alpha Spheres : 	24
	Total SASA : 	90.490
	Polar SASA : 	31.316
	Apolar SASA : 	59.174
	Volume : 	299.809
	Mean local hydrophobic density : 	21.000
	Mean alpha sphere radius :	4.024
	Mean alp. sph. solvent access : 	0.653
	Apolar alpha sphere proportion : 	0.917
	Hydrophobicity score:	28.400
	Volume score: 	 4.600
	Polarity score:	 5
	Charge score :	 1
	Proportion of polar atoms: 	30.000
	Alpha sphere density : 	3.326
	Cent. of mass - Alpha Sphere max dist: 	8.417
	Flexibility : 	0.085

Pocket 10 :
	Score : 	-0.024
	Druggability Score : 	0.001
	Number of Alpha Spheres : 	23
	Total SASA : 	85.574
	Polar SASA : 	30.023
	Apolar SASA : 	55.551
	Volume : 	305.900
	Mean local hydrophobic density : 	3.000
	Mean alpha sphere radius :	3.968
	Mean alp. sph. solvent access : 	0.505
	Apolar alpha sphere proportion : 	0.174
	Hydrophobicity score:	27.444
	Volume score: 	 2.778
	Polarity score:	 4
	Charge score :	 0
	Proportion of polar atoms: 	42.105
	Alpha sphere density : 	3.100
	Cent. of mass - Alpha Sphere max dist: 	7.760
	Flexibility : 	0.236

Pocket 11 :
	Score : 	-0.036
	Druggability Score : 	0.002
	Number of Alpha Spheres : 	26
	Total SASA : 	87.441
	Polar SASA : 	35.513
	Apolar SASA : 	51.928
	Volume : 	259.942
	Mean local hydrophobic density : 	14.000
	Mean alpha sphere radius :	3.984
	Mean alp. sph. solvent access : 	0.681
	Apolar alpha sphere proportion : 	0.577
	Hydrophobicity score:	11.000
	Volume score: 	 3.714
	Polarity score:	 5
	Charge score :	 0
	Proportion of polar atoms: 	36.364
	Alpha sphere density : 	2.907
	Cent. of mass - Alpha Sphere max dist: 	6.102
	Flexibility : 	0.118

Pocket 12 :
	Score : 	-0.038
	Druggability Score : 	0.001
	Number of Alpha Spheres : 	19
	Total SASA : 	80.112
	Polar SASA : 	32.144
	Apolar SASA : 	47.968
	Volume : 	171.695
	Mean local hydrophobic density : 	9.000
	Mean alpha sphere radius :	3.655
	Mean alp. sph. solvent access : 	0.450
	Apolar alpha sphere proportion : 	0.526
	Hydrophobicity score:	17.667
	Volume score: 	 3.833
	Polarity score:	 2
	Charge score :	 -2
	Proportion of polar atoms: 	46.667
	Alpha sphere density : 	2.869
	Cent. of mass - Alpha Sphere max dist: 	5.798
	Flexibility : 	0.342

Pocket 13 :
	Score : 	-0.068
	Druggability Score : 	0.000
	Number of Alpha Spheres : 	17
	Total SASA : 	92.357
	Polar SASA : 	62.167
	Apolar SASA : 	30.191
	Volume : 	283.667
	Mean local hydrophobic density : 	2.000
	Mean alpha sphere radius :	3.876
	Mean alp. sph. solvent access : 	0.506
	Apolar alpha sphere proportion : 	0.176
	Hydrophobicity score:	4.333
	Volume score: 	 4.333
	Polarity score:	 5
	Charge score :	 -3
	Proportion of polar atoms: 	50.000
	Alpha sphere density : 	3.128
	Cent. of mass - Alpha Sphere max dist: 	7.991
	Flexibility : 	0.131

Pocket 14 :
	Score : 	-0.074
	Druggability Score : 	0.000
	Number of Alpha Spheres : 	23
	Total SASA : 	101.647
	Polar SASA : 	56.964
	Apolar SASA : 	44.682
	Volume : 	316.685
	Mean local hydrophobic density : 	8.000
	Mean alpha sphere radius :	3.874
	Mean alp. sph. solvent access : 	0.503
	Apolar alpha sphere proportion : 	0.391
	Hydrophobicity score:	2.625
	Volume score: 	 4.000
	Polarity score:	 6
	Charge score :	 -2
	Proportion of polar atoms: 	50.000
	Alpha sphere density : 	3.199
	Cent. of mass - Alpha Sphere max dist: 	8.061
	Flexibility : 	0.088

Pocket 15 :
	Score : 	-0.082
	Druggability Score : 	0.005
	Number of Alpha Spheres : 	19
	Total SASA : 	83.573
	Polar SASA : 	3.237
	Apolar SASA : 	80.337
	Volume : 	243.643
	Mean local hydrophobic density : 	13.000
	Mean alpha sphere radius :	3.917
	Mean alp. sph. solvent access : 	0.672
	Apolar alpha sphere proportion : 	0.737
	Hydrophobicity score:	20.250
	Volume score: 	 3.875
	Polarity score:	 3
	Charge score :	 0
	Proportion of polar atoms: 	23.529
	Alpha sphere density : 	2.549
	Cent. of mass - Alpha Sphere max dist: 	6.479
	Flexibility : 	0.365

Pocket 16 :
	Score : 	-0.098
	Druggability Score : 	0.000
	Number of Alpha Spheres : 	15
	Total SASA : 	58.860
	Polar SASA : 	34.707
	Apolar SASA : 	24.153
	Volume : 	179.569
	Mean local hydrophobic density : 	2.000
	Mean alpha sphere radius :	4.088
	Mean alp. sph. solvent access : 	0.650
	Apolar alpha sphere proportion : 	0.200
	Hydrophobicity score:	-17.333
	Volume score: 	 4.667
	Polarity score:	 2
	Charge score :	 2
	Proportion of polar atoms: 	50.000
	Alpha sphere density : 	1.428
	Cent. of mass - Alpha Sphere max dist: 	3.046
	Flexibility : 	0.048

